---
source: src/interpolate/add_to_grid.rs
expression: grid.data
---
[[[5.172413793103448],
  [NaN],
  [NaN],
  [NaN],
  [NaN],
  [NaN],
  [NaN],
  [NaN],
  [NaN],
  [NaN]],

 [[NaN],
  [17.241379310344826],
  [NaN],
  [NaN],
  [NaN],
  [NaN],
  [NaN],
  [NaN],
  [NaN],
  [NaN]],

 [[NaN],
  [NaN],
  [27.58620689655172],
  [NaN],
  [NaN],
  [NaN],
  [NaN],
  [NaN],
  [NaN],
  [NaN]],

 [[NaN],
  [NaN],
  [NaN],
  [37.93103448275862],
  [NaN],
  [NaN],
  [NaN],
  [NaN],
  [NaN],
  [NaN]],

 [[NaN],
  [NaN],
  [NaN],
  [NaN],
  [48.275862068965516],
  [NaN],
  [NaN],
  [NaN],
  [NaN],
  [NaN]],

 [[NaN],
  [NaN],
  [NaN],
  [NaN],
  [NaN],
  [58.62068965517241],
  [NaN],
  [NaN],
  [NaN],
  [NaN]],

 [[NaN],
  [NaN],
  [NaN],
  [NaN],
  [NaN],
  [NaN],
  [68.9655172413793],
  [NaN],
  [NaN],
  [NaN]],

 [[NaN],
  [NaN],
  [NaN],
  [NaN],
  [NaN],
  [NaN],
  [NaN],
  [79.3103448275862],
  [NaN],
  [NaN]],

 [[NaN],
  [NaN],
  [NaN],
  [NaN],
  [NaN],
  [NaN],
  [NaN],
  [NaN],
  [89.6551724137931],
  [NaN]],

 [[NaN],
  [NaN],
  [NaN],
  [NaN],
  [NaN],
  [NaN],
  [NaN],
  [NaN],
  [NaN],
  [98.27586206896552]]], shape=[10, 10, 1], strides=[10, 1, 1], layout=Cc (0x5), const ndim=3
